// Jest Snapshot v1, https://goo.gl/fbAQLP

exports[`Loading Component matches snapshot 1`] = `
<DocumentFragment>
  <div
    class="loading"
  >
    <div
      class="spinner"
    />
    <p>
      Loading...
    </p>
  </div>
</DocumentFragment>
`;
